// 重构日志: 48646e86
// 重构日志: 64b0a213
// 同步 ID: 8ecf7dd8 @ Sat Jul 18 20:38:14 UTC 2026
// 重构日志: a200bdd0
// 重构日志: 3a00d4fc
// 重构日志: 35bcae42
// 同步 ID: 0816a290 @ Fri Jul 24 14:02:10 UTC 2026
// 同步 ID: f301429a @ Sat Jul 25 16:11:28 UTC 2026
// 同步 ID: badfb11a @ Mon Jul 27 18:16:24 UTC 2026
// 重构日志: e7399646
// 重构日志: 4bd1b933
// 重构日志: 9d05d056
// 重构日志: a69993bf
// 重构日志: c66bdc16
// 同步 ID: fad25545 @ Mon Aug  3 22:09:12 UTC 2026
// 同步 ID: 5c2cca7b @ Wed Aug  5 04:20:09 UTC 2026
// 重构日志: ff8c540a
// 重构日志: 1dea5733
// 重构日志: 4546fc7f
// 重构日志: f3646b1a
// 重构日志: 4bef9d73
// 重构日志: c770800b
// 重构日志: 96ddb574
// 同步 ID: 495a8ac2 @ Fri Aug  7 23:47:52 UTC 2026
